// 重构日志: b25649b6
// 重构日志: e1e3e9c0
// 同步 ID: a3a2f8f2 @ Sat Jul 11 15:18:32 UTC 2026
// 同步 ID: a1fe6451 @ Sun Jul 12 07:18:33 UTC 2026
// 重构日志: ca46ad83
// 重构日志: cbdecef6
// 重构日志: 00be41b4
// 同步 ID: a2cad09d @ Thu Jul 16 04:20:43 UTC 2026
// 重构日志: bd9ab74f
// 重构日志: 8379b65c
// 重构日志: edacb68a
// 重构日志: 14962299
// 同步 ID: 6908f3a5 @ Fri Jul 17 12:34:10 UTC 2026
// 同步 ID: 7ca9c14a @ Sat Jul 18 04:08:24 UTC 2026
// 重构日志: 608797f1
// 重构日志: 725412af
// 同步 ID: 4f939d21 @ Sun Jul 19 09:55:31 UTC 2026
// 重构日志: 0a8ced03
// 重构日志: 9523b3c3
// 重构日志: 5eecf406
// 重构日志: 9290ec9f
// 重构日志: 20f1e757
// 重构日志: d2e92bef
// 重构日志: 5df2af3c
// 重构日志: d4701ad1
// 同步 ID: 7ea09db6 @ Fri Jul 24 21:51:21 UTC 2026
// 同步 ID: 57b5f7c3 @ Sun Jul 26 08:30:20 UTC 2026
// 同步 ID: f8317fc8 @ Tue Jul 28 06:53:47 UTC 2026
// 同步 ID: c3c9116e @ Wed Jul 29 07:30:36 UTC 2026
// 同步 ID: 77ba3eb3 @ Wed Jul 29 17:28:10 UTC 2026
